.next/dev/types/validator.ts(189,31): error TS2344: Type 'typeof import("D:/Learning/Main Program/Sem8/EXE201/Project/tastemuse/app/api/dishes/[id]/route")' does not satisfy the constraint 'RouteHandlerConfig<"/api/dishes/[id]">'.
  Types of property 'GET' are incompatible.
    Type '(req: NextRequest, { params }: { params: { id: string; }; }) => Promise<NextResponse<{ success: boolean; data: any; }> | NextResponse<{ success: boolean; error: any; }>>' is not assignable to type '(request: NextRequest, context: { params: Promise<{ id: string; }>; }) => void | Response | Promise<void | Response>'.
      Types of parameters '__1' and 'context' are incompatible.
        Type '{ params: Promise<{ id: string; }>; }' is not assignable to type '{ params: { id: string; }; }'.
          Types of property 'params' are incompatible.
            Property 'id' is missing in type 'Promise<{ id: string; }>' but required in type '{ id: string; }'.
.next/dev/types/validator.ts(234,31): error TS2344: Type 'typeof import("D:/Learning/Main Program/Sem8/EXE201/Project/tastemuse/app/api/restaurants/[id]/route")' does not satisfy the constraint 'RouteHandlerConfig<"/api/restaurants/[id]">'.
  Types of property 'GET' are incompatible.
    Type '(req: NextRequest, { params }: { params: { id: string; }; }) => Promise<NextResponse<{ success: boolean; data: any; }> | NextResponse<{ success: boolean; error: any; }>>' is not assignable to type '(request: NextRequest, context: { params: Promise<{ id: string; }>; }) => void | Response | Promise<void | Response>'.
      Types of parameters '__1' and 'context' are incompatible.
        Type '{ params: Promise<{ id: string; }>; }' is not assignable to type '{ params: { id: string; }; }'.
          Types of property 'params' are incompatible.
            Property 'id' is missing in type 'Promise<{ id: string; }>' but required in type '{ id: string; }'.
.next/types/validator.ts(189,31): error TS2344: Type 'typeof import("D:/Learning/Main Program/Sem8/EXE201/Project/tastemuse/app/api/dishes/[id]/route")' does not satisfy the constraint 'RouteHandlerConfig<"/api/dishes/[id]">'.
  Types of property 'GET' are incompatible.
    Type '(req: NextRequest, { params }: { params: { id: string; }; }) => Promise<NextResponse<{ success: boolean; data: any; }> | NextResponse<{ success: boolean; error: any; }>>' is not assignable to type '(request: NextRequest, context: { params: Promise<{ id: string; }>; }) => void | Response | Promise<void | Response>'.
      Types of parameters '__1' and 'context' are incompatible.
        Type '{ params: Promise<{ id: string; }>; }' is not assignable to type '{ params: { id: string; }; }'.
          Types of property 'params' are incompatible.
            Property 'id' is missing in type 'Promise<{ id: string; }>' but required in type '{ id: string; }'.
.next/types/validator.ts(234,31): error TS2344: Type 'typeof import("D:/Learning/Main Program/Sem8/EXE201/Project/tastemuse/app/api/restaurants/[id]/route")' does not satisfy the constraint 'RouteHandlerConfig<"/api/restaurants/[id]">'.
  Types of property 'GET' are incompatible.
    Type '(req: NextRequest, { params }: { params: { id: string; }; }) => Promise<NextResponse<{ success: boolean; data: any; }> | NextResponse<{ success: boolean; error: any; }>>' is not assignable to type '(request: NextRequest, context: { params: Promise<{ id: string; }>; }) => void | Response | Promise<void | Response>'.
      Types of parameters '__1' and 'context' are incompatible.
        Type '{ params: Promise<{ id: string; }>; }' is not assignable to type '{ params: { id: string; }; }'.
          Types of property 'params' are incompatible.
            Property 'id' is missing in type 'Promise<{ id: string; }>' but required in type '{ id: string; }'.
components/chatbot.tsx(240,33): error TS2322: Type '({ children }: { children: React.ReactNode; }) => JSX.Element' is not assignable to type 'keyof IntrinsicElements | ComponentType<ClassAttributes<HTMLParagraphElement> & HTMLAttributes<HTMLParagraphElement> & ExtraProps> | undefined'.
  Type '({ children }: { children: React.ReactNode; }) => JSX.Element' is not assignable to type 'FunctionComponent<ClassAttributes<HTMLParagraphElement> & HTMLAttributes<HTMLParagraphElement> & ExtraProps>'.
    Types of parameters '__0' and 'props' are incompatible.
      Type 'ClassAttributes<HTMLParagraphElement> & HTMLAttributes<HTMLParagraphElement> & ExtraProps' is not assignable to type '{ children: ReactNode; }'.
        Property 'children' is optional in type 'ClassAttributes<HTMLParagraphElement> & HTMLAttributes<HTMLParagraphElement> & ExtraProps' but required in type '{ children: ReactNode; }'.
components/chatbot.tsx(241,33): error TS2322: Type '({ children }: { children: React.ReactNode; }) => JSX.Element' is not assignable to type 'keyof IntrinsicElements | ComponentType<ClassAttributes<HTMLElement> & HTMLAttributes<HTMLElement> & ExtraProps> | undefined'.
  Type '({ children }: { children: React.ReactNode; }) => JSX.Element' is not assignable to type 'FunctionComponent<ClassAttributes<HTMLElement> & HTMLAttributes<HTMLElement> & ExtraProps>'.
    Types of parameters '__0' and 'props' are incompatible.
      Type 'ClassAttributes<HTMLElement> & HTMLAttributes<HTMLElement> & ExtraProps' is not assignable to type '{ children: ReactNode; }'.
        Property 'children' is optional in type 'ClassAttributes<HTMLElement> & HTMLAttributes<HTMLElement> & ExtraProps' but required in type '{ children: ReactNode; }'.
components/chatbot.tsx(242,33): error TS2322: Type '({ children }: { children: React.ReactNode; }) => JSX.Element' is not assignable to type 'keyof IntrinsicElements | ComponentType<ClassAttributes<HTMLUListElement> & HTMLAttributes<HTMLUListElement> & ExtraProps> | undefined'.
  Type '({ children }: { children: React.ReactNode; }) => JSX.Element' is not assignable to type 'FunctionComponent<ClassAttributes<HTMLUListElement> & HTMLAttributes<HTMLUListElement> & ExtraProps>'.
    Types of parameters '__0' and 'props' are incompatible.
      Type 'ClassAttributes<HTMLUListElement> & HTMLAttributes<HTMLUListElement> & ExtraProps' is not assignable to type '{ children: ReactNode; }'.
        Property 'children' is optional in type 'ClassAttributes<HTMLUListElement> & HTMLAttributes<HTMLUListElement> & ExtraProps' but required in type '{ children: ReactNode; }'.
components/chatbot.tsx(243,33): error TS2322: Type '({ children }: { children: React.ReactNode; }) => JSX.Element' is not assignable to type 'keyof IntrinsicElements | ComponentType<ClassAttributes<HTMLOListElement> & OlHTMLAttributes<HTMLOListElement> & ExtraProps> | undefined'.
  Type '({ children }: { children: React.ReactNode; }) => JSX.Element' is not assignable to type 'FunctionComponent<ClassAttributes<HTMLOListElement> & OlHTMLAttributes<HTMLOListElement> & ExtraProps>'.
    Types of parameters '__0' and 'props' are incompatible.
      Type 'ClassAttributes<HTMLOListElement> & OlHTMLAttributes<HTMLOListElement> & ExtraProps' is not assignable to type '{ children: ReactNode; }'.
        Property 'children' is optional in type 'ClassAttributes<HTMLOListElement> & OlHTMLAttributes<HTMLOListElement> & ExtraProps' but required in type '{ children: ReactNode; }'.
components/chatbot.tsx(244,33): error TS2322: Type '({ children }: { children: React.ReactNode; }) => JSX.Element' is not assignable to type 'keyof IntrinsicElements | ComponentType<ClassAttributes<HTMLLIElement> & LiHTMLAttributes<HTMLLIElement> & ExtraProps> | undefined'.
  Type '({ children }: { children: React.ReactNode; }) => JSX.Element' is not assignable to type 'FunctionComponent<ClassAttributes<HTMLLIElement> & LiHTMLAttributes<HTMLLIElement> & ExtraProps>'.
    Types of parameters '__0' and 'props' are incompatible.
      Type 'ClassAttributes<HTMLLIElement> & LiHTMLAttributes<HTMLLIElement> & ExtraProps' is not assignable to type '{ children: ReactNode; }'.
        Property 'children' is optional in type 'ClassAttributes<HTMLLIElement> & LiHTMLAttributes<HTMLLIElement> & ExtraProps' but required in type '{ children: ReactNode; }'.
